ID,NUM,STR,VARSTR,DT,TS,TS9
1,123.40,test1   ,TEST1,2016-10-13,2016-10-14 01:02:03,2016-10-15 01:02:03.123456789
2,1234567890.12,test9999,TEST9999,2016-12-31,2016-12-31 23:59:59,2016-12-31 23:59:59.999999999
3,,,,,,
