ID,NUM,STR,VARSTR,DT,DTTM,DTTM2,SDTTM
1,123.40,test1   ,TEST1,2015-04-24,2015-04-24 01:02:03.123,2015-04-24 01:02:03.1234567,2015-04-24 01:02:00
2,1234567890.12,test9999,TEST9999,2015-12-31,2015-12-31 23:59:59.993,2015-12-31 23:59:59.9999999,2016-01-01 00:00:00
3,,,,,,,
