ID,NUM,DT
3,,
2,1234567890.12,2015-12-31
1,123.40,2015-04-24
