ID,NUM,STR,VARSTR,DT,DTTM0,DTTM3
4,44.40,,,,,
5,55.50,,,,,
