ID	NUM	STR	VARSTR	DT	DTTM0	DTTM3
1	123.40	xx	TEST1	2015-04-24	2015-04-24 01:02:03	2015-04-24 01:02:03.123
2	1234567890.12	xx	TEST9999	2015-12-31	2015-12-31 23:59:59	2015-12-31 23:59:59.999
3	NULL	xx	NULL	NULL	NULL	NULL
